// Jest Snapshot v1, https://goo.gl/fbAQLP

exports[`Main should match snapshot 1`] = `
<div
  className="main-div"
>
  <Controls
    handleChange={[Function]}
  />
</div>
`;
